docker :  Image ythril-ythril-c Building 
At line:1 char:1
+ docker compose -f docker-compose.test.yml build 2>&1 | Tee-Object "bu ...
+ ~~~~~~~~~~~~~~~~~~~~~~~~~~~~~~~~~~~~~~~~~~~~~~~~~~~~
    + CategoryInfo          : NotSpecified: ( Image ythril-ythril-c Building : 
   String) [], RemoteException
    + FullyQualifiedErrorId : NativeCommandError
 
 Image ythril-ythril-a Building 
 Image ythril-ythril-b Building 
#1 [internal] load local bake definitions
#1 reading from stdin 1.44kB done
#1 DONE 0.0s

#2 [ythril-c internal] load build definition from Dockerfile
#2 DONE 0.0s

#2 [ythril-c internal] load build definition from Dockerfile
#2 transferring dockerfile: 1.75kB done
#2 DONE 0.0s

#3 [ythril-a internal] load metadata for docker.io/library/node:22-alpine
#3 DONE 1.0s

#4 [ythril-b internal] load .dockerignore
#4 transferring context: 117B done
#4 DONE 0.0s

#5 [ythril-b builder 1/9] FROM docker.io/library/node:22-alpine@sha256:8094c002d08262dba12645a3b4a15cd6cd627d30bc782f53229a2ec13ee22a00
#5 resolve docker.io/library/node:22-alpine@sha256:8094c002d08262dba12645a3b4a15cd6cd627d30bc782f53229a2ec13ee22a00 0.0s done
#5 DONE 0.0s

#6 [ythril-b internal] load build context
#6 transferring context: 9.75kB done
#6 DONE 0.0s

#7 [ythril-b builder 5/9] COPY tsconfig.base.json ./
#7 CACHED

#8 [ythril-b production 7/8] COPY --from=builder /build/server/dist ./server/dist
#8 CACHED

#9 [ythril-b builder 2/9] RUN apk add --no-cache python3 make g++
#9 CACHED

#10 [ythril-b production 4/8] COPY package.json package-lock.json* ./
#10 CACHED

#11 [ythril-b production 5/8] COPY server/package.json ./server/
#11 CACHED

#12 [ythril-b production 6/8] RUN npm ci --workspace=server --omit=dev
#12 CACHED

#13 [ythril-b builder 4/9] COPY package.json package-lock.json* ./
#13 CACHED

#14 [ythril-b builder 8/9] COPY server/ ./server/
#14 CACHED

#15 [ythril-b builder 9/9] RUN npm run build --workspace=server
#15 CACHED

#16 [ythril-b builder 6/9] COPY server/package.json ./server/
#16 CACHED

#17 [ythril-b builder 7/9] RUN npm ci --workspace=server
#17 CACHED

#18 [ythril-b production 3/8] WORKDIR /app
#18 CACHED

#19 [ythril-b builder 3/9] WORKDIR /build
#19 CACHED

#20 [ythril-b production 8/8] RUN mkdir -p /data /config && chown -R node:node /data /config
#20 CACHED

#9 [ythril-c builder 2/9] RUN apk add --no-cache python3 make g++
#9 CACHED

#8 [ythril-c production 7/8] COPY --from=builder /build/server/dist ./server/dist
#8 CACHED

#10 [ythril-c production 4/8] COPY package.json package-lock.json* ./
#10 CACHED

#11 [ythril-c production 5/8] COPY server/package.json ./server/
#11 CACHED

#15 [ythril-c builder 9/9] RUN npm run build --workspace=server
#15 CACHED

#16 [ythril-c builder 6/9] COPY server/package.json ./server/
#16 CACHED

#12 [ythril-c production 6/8] RUN npm ci --workspace=server --omit=dev
#12 CACHED

#19 [ythril-c builder 3/9] WORKDIR /build
#19 CACHED

#14 [ythril-c builder 8/9] COPY server/ ./server/
#14 CACHED

#18 [ythril-c production 3/8] WORKDIR /app
#18 CACHED

#13 [ythril-c builder 4/9] COPY package.json package-lock.json* ./
#13 CACHED

#17 [ythril-c builder 7/9] RUN npm ci --workspace=server
#17 CACHED

#7 [ythril-c builder 5/9] COPY tsconfig.base.json ./
#7 CACHED

#21 [ythril-a] exporting to image
#21 exporting layers done
#21 exporting manifest sha256:045b6275b7590302ab8e27f6f4f19b5541f87858e5357aba88e018bc7e0bf13e done
#21 exporting config sha256:e0e6f6ee6f634943089291df3acc22925f4b0fa48c9bf2dd8abd0638ac1b6017 done
#21 exporting attestation manifest sha256:28442b13c009476665deb070a752ad01075de35c23bdae532cab308bc1d6ff1a 0.0s done
#21 exporting manifest list sha256:1a43c8edcc54f8040890cca735af2dab263fd755a285847742ff37474216c20b 0.0s done
#21 naming to docker.io/library/ythril-ythril-a:latest done
#21 unpacking to docker.io/library/ythril-ythril-a:latest
#21 unpacking to docker.io/library/ythril-ythril-a:latest 0.0s done
#21 DONE 0.1s

#22 [ythril-c] exporting to image
#22 exporting layers done
#22 exporting manifest sha256:ad5d5114d6054a4af9f4e1770052886dc5432fe645415988457fcfb483a26ded done
#22 exporting config sha256:a2e4c8d64f0e8846b290f8627bdb8a9c72ede0bbdcbf38c8625d9efeb2d98d62 done
#22 exporting attestation manifest sha256:57ca1580b7d778da1d8f63ed5467ae36ab04c2d485d6a0d6ae0f78c4eae6f965 0.0s done
#22 exporting manifest list sha256:1378f0b4c70f4e8a8bcbe0a2e45b420a005f59abd66e6ab44ecce234b712d57c 0.0s done
#22 naming to docker.io/library/ythril-ythril-c:latest done
#22 unpacking to docker.io/library/ythril-ythril-c:latest 0.0s done
#22 DONE 0.1s

#23 [ythril-b] exporting to image
#23 exporting layers done
#23 exporting manifest sha256:7ab94c78530ef10b0ef2fa93483e958218581aa9c814945eb0d41ac09e3fd52a done
#23 exporting config sha256:7f6998d4369d36eb3e810e4f808a2cd669df20c167715a151e84937abb093349 done
#23 exporting attestation manifest sha256:f883030e6808600111da6ab57391f92c5922b8b2cb69747cc88d663cc3fea607 0.0s done
#23 exporting manifest list sha256:16df007efedad71b9a9e5c5ec6a00ea265d534765b95bb17debe22a1ec16951d 0.0s done
#23 naming to docker.io/library/ythril-ythril-b:latest done
#23 unpacking to docker.io/library/ythril-ythril-b:latest 0.0s done
#23 DONE 0.1s

#24 [ythril-b] resolving provenance for metadata file
#24 DONE 0.0s

#25 [ythril-c] resolving provenance for metadata file
#25 DONE 0.0s

#26 [ythril-a] resolving provenance for metadata file
#26 DONE 0.0s
 Image ythril-ythril-b Built 
 Image ythril-ythril-c Built 
 Image ythril-ythril-a Built 
